2026-07-06 16:19:25|INFO|상태 변경: READY
2026-07-06 16:19:25|INFO|상태 변경: READY
2026-07-06 16:19:25|INFO|상태 변경: READY
2026-07-06 16:19:39|INFO|===== 자동 시퀀스 시작 =====
2026-07-06 16:19:39|INFO|상태 변경: HOME
2026-07-06 16:19:41|INFO|상태 변경: READY
2026-07-06 16:19:41|INFO|상태 변경: LOAD
2026-07-06 16:19:41|INFO|Pick 시작: FOUP_A slot 1
2026-07-06 16:19:41|ERROR|[ALARM:SYS-ERR] [인터록 알람] 블레이드가 챔버/FOUP 안에 있습니다! 충돌 방지를 위해 로봇 이동을 차단합니다.
2026-07-06 16:19:41|INFO|상태 변경: ALARM
2026-07-06 16:22:23|INFO|상태 변경: INIT
2026-07-06 16:22:53|INFO|상태 변경: READY
2026-07-06 16:23:00|INFO|===== 자동 시퀀스 시작 =====
2026-07-06 16:23:00|INFO|상태 변경: HOME
2026-07-06 16:23:02|INFO|상태 변경: READY
2026-07-06 16:23:02|INFO|상태 변경: LOAD
2026-07-06 16:23:02|INFO|Pick 시작: FOUP_A slot 1
2026-07-06 16:23:21|ERROR|[ALARM:USER-STOP] 사용자 정지
2026-07-06 16:23:21|INFO|상태 변경: ALARM
2026-07-06 16:23:23|INFO|상태 변경: INIT
2026-07-06 16:25:39|INFO|상태 변경: READY
2026-07-06 16:25:46|INFO|===== 자동 시퀀스 시작 =====
2026-07-06 16:25:46|INFO|상태 변경: HOME
2026-07-06 16:25:48|INFO|상태 변경: READY
2026-07-06 16:25:48|INFO|상태 변경: LOAD
2026-07-06 16:25:48|INFO|Pick 시작: FOUP_A slot 1
2026-07-06 16:26:17|ERROR|[ALARM:USER-STOP] 사용자 정지
2026-07-06 16:26:17|INFO|상태 변경: ALARM
2026-07-06 16:33:56|INFO|상태 변경: READY
2026-07-06 16:34:03|INFO|===== 자동 시퀀스 시작 =====
2026-07-06 16:34:03|INFO|상태 변경: HOME
2026-07-06 16:34:03|DEBUG|[Z축추적] 이동 시작 목표=0
2026-07-06 16:34:03|DEBUG|[Z축추적] t=0ms 현재=388318 목표=0 차이=388318
2026-07-06 16:34:03|DEBUG|[Z축추적] t=100ms 현재=388318 목표=0 차이=388318
2026-07-06 16:34:03|DEBUG|[Z축추적] t=200ms 현재=388318 목표=0 차이=388318
2026-07-06 16:34:03|DEBUG|[Z축추적] t=300ms 현재=388318 목표=0 차이=388318
2026-07-06 16:34:03|DEBUG|[Z축추적] t=400ms 현재=115038 목표=0 차이=115038
2026-07-06 16:34:03|DEBUG|[Z축추적] t=500ms 현재=115038 목표=0 차이=115038
2026-07-06 16:34:04|DEBUG|[Z축추적] t=600ms 현재=115038 목표=0 차이=115038
2026-07-06 16:34:04|DEBUG|[Z축추적] t=700ms 현재=1470 목표=0 차이=1470
2026-07-06 16:34:04|DEBUG|[Z축추적] t=800ms 현재=1470 목표=0 차이=1470
2026-07-06 16:34:04|DEBUG|[Z축추적] t=900ms 현재=1470 목표=0 차이=1470
2026-07-06 16:34:04|DEBUG|[Z축추적] t=1000ms 현재=1459 목표=0 차이=1459
2026-07-06 16:34:04|DEBUG|[Z축추적] t=1100ms 현재=1459 목표=0 차이=1459
2026-07-06 16:34:04|DEBUG|[Z축추적] t=1200ms 현재=1457 목표=0 차이=1457
2026-07-06 16:34:04|DEBUG|[Z축추적] t=1300ms 현재=1457 목표=0 차이=1457
2026-07-06 16:34:04|DEBUG|[Z축추적] t=1400ms 현재=1457 목표=0 차이=1457
2026-07-06 16:34:05|DEBUG|[Z축추적] t=1500ms 현재=1458 목표=0 차이=1458
2026-07-06 16:34:05|DEBUG|[Z축추적] t=1600ms 현재=1458 목표=0 차이=1458
2026-07-06 16:34:05|DEBUG|[Z축추적] t=1700ms 현재=1458 목표=0 차이=1458
2026-07-06 16:34:05|DEBUG|[Z축추적] t=1800ms 현재=1460 목표=0 차이=1460
2026-07-06 16:34:05|DEBUG|[Z축추적] t=1900ms 현재=1460 목표=0 차이=1460
2026-07-06 16:34:05|DEBUG|[Z축추적] t=2000ms 현재=1462 목표=0 차이=1462
2026-07-06 16:34:05|DEBUG|[Z축추적] t=2100ms 현재=1462 목표=0 차이=1462
2026-07-06 16:34:05|DEBUG|[Z축추적] t=2200ms 현재=1462 목표=0 차이=1462
2026-07-06 16:34:05|DEBUG|[Z축추적] t=2300ms 현재=1464 목표=0 차이=1464
2026-07-06 16:34:06|DEBUG|[Z축추적] t=2400ms 현재=1464 목표=0 차이=1464
2026-07-06 16:34:06|DEBUG|[Z축추적] t=2500ms 현재=1464 목표=0 차이=1464
2026-07-06 16:34:06|DEBUG|[Z축추적] t=2600ms 현재=1467 목표=0 차이=1467
2026-07-06 16:34:06|DEBUG|[Z축추적] t=2700ms 현재=1467 목표=0 차이=1467
2026-07-06 16:34:06|DEBUG|[Z축추적] t=2800ms 현재=1467 목표=0 차이=1467
2026-07-06 16:34:06|DEBUG|[Z축추적] t=2900ms 현재=1469 목표=0 차이=1469
2026-07-06 16:34:06|DEBUG|[Z축추적] t=3000ms 현재=1469 목표=0 차이=1469
2026-07-06 16:34:06|DEBUG|[Z축추적] t=3100ms 현재=1471 목표=0 차이=1471
2026-07-06 16:34:07|DEBUG|[Z축추적] t=3200ms 현재=1471 목표=0 차이=1471
2026-07-06 16:34:07|DEBUG|[Z축추적] t=3300ms 현재=1471 목표=0 차이=1471
2026-07-06 16:34:07|DEBUG|[Z축추적] t=3400ms 현재=1472 목표=0 차이=1472
2026-07-06 16:34:07|DEBUG|[Z축추적] t=3500ms 현재=1472 목표=0 차이=1472
2026-07-06 16:34:07|DEBUG|[Z축추적] t=3600ms 현재=1472 목표=0 차이=1472
2026-07-06 16:34:07|DEBUG|[Z축추적] t=3700ms 현재=1474 목표=0 차이=1474
2026-07-06 16:34:07|DEBUG|[Z축추적] t=3800ms 현재=1474 목표=0 차이=1474
2026-07-06 16:34:07|DEBUG|[Z축추적] t=3900ms 현재=1476 목표=0 차이=1476
2026-07-06 16:34:07|DEBUG|[Z축추적] t=4000ms 현재=1476 목표=0 차이=1476
2026-07-06 16:34:08|DEBUG|[Z축추적] t=4100ms 현재=1476 목표=0 차이=1476
2026-07-06 16:34:08|DEBUG|[Z축추적] t=4200ms 현재=1478 목표=0 차이=1478
2026-07-06 16:34:08|DEBUG|[Z축추적] t=4300ms 현재=1478 목표=0 차이=1478
2026-07-06 16:34:08|DEBUG|[Z축추적] t=4400ms 현재=1478 목표=0 차이=1478
2026-07-06 16:34:08|DEBUG|[Z축추적] t=4500ms 현재=1479 목표=0 차이=1479
2026-07-06 16:34:08|DEBUG|[Z축추적] t=4600ms 현재=1479 목표=0 차이=1479
2026-07-06 16:34:08|DEBUG|[Z축추적] t=4700ms 현재=1480 목표=0 차이=1480
2026-07-06 16:34:08|DEBUG|[Z축추적] t=4800ms 현재=1480 목표=0 차이=1480
2026-07-06 16:34:08|DEBUG|[Z축추적] t=4900ms 현재=1480 목표=0 차이=1480
2026-07-06 16:34:09|DEBUG|[Z축추적] t=5000ms 현재=1482 목표=0 차이=1482
2026-07-06 16:34:09|DEBUG|[Z축추적] t=5100ms 현재=1482 목표=0 차이=1482
2026-07-06 16:34:09|DEBUG|[Z축추적] t=5200ms 현재=1482 목표=0 차이=1482
2026-07-06 16:34:09|DEBUG|[Z축추적] t=5300ms 현재=1483 목표=0 차이=1483
2026-07-06 16:34:09|DEBUG|[Z축추적] t=5400ms 현재=1483 목표=0 차이=1483
2026-07-06 16:34:09|DEBUG|[Z축추적] t=5500ms 현재=1485 목표=0 차이=1485
2026-07-06 16:34:09|DEBUG|[Z축추적] t=5600ms 현재=1485 목표=0 차이=1485
2026-07-06 16:34:09|DEBUG|[Z축추적] t=5700ms 현재=1485 목표=0 차이=1485
2026-07-06 16:34:10|DEBUG|[Z축추적] t=5800ms 현재=1486 목표=0 차이=1486
2026-07-06 16:34:10|DEBUG|[Z축추적] t=5900ms 현재=1486 목표=0 차이=1486
2026-07-06 16:34:10|DEBUG|[Z축추적] t=6000ms 현재=1486 목표=0 차이=1486
2026-07-06 16:34:10|DEBUG|[Z축추적] t=6100ms 현재=1487 목표=0 차이=1487
2026-07-06 16:34:10|DEBUG|[Z축추적] t=6200ms 현재=1487 목표=0 차이=1487
2026-07-06 16:34:10|DEBUG|[Z축추적] t=6300ms 현재=1487 목표=0 차이=1487
2026-07-06 16:34:10|DEBUG|[Z축추적] t=6400ms 현재=1488 목표=0 차이=1488
2026-07-06 16:34:10|DEBUG|[Z축추적] t=6500ms 현재=1488 목표=0 차이=1488
2026-07-06 16:34:10|DEBUG|[Z축추적] t=6600ms 현재=1489 목표=0 차이=1489
2026-07-06 16:34:11|DEBUG|[Z축추적] t=6700ms 현재=1489 목표=0 차이=1489
2026-07-06 16:34:11|DEBUG|[Z축추적] t=6800ms 현재=1489 목표=0 차이=1489
2026-07-06 16:34:11|DEBUG|[Z축추적] t=6900ms 현재=1490 목표=0 차이=1490
2026-07-06 16:34:11|DEBUG|[Z축추적] t=7000ms 현재=1490 목표=0 차이=1490
2026-07-06 16:34:11|DEBUG|[Z축추적] t=7100ms 현재=1490 목표=0 차이=1490
2026-07-06 16:34:11|DEBUG|[Z축추적] t=7200ms 현재=1491 목표=0 차이=1491
2026-07-06 16:34:11|DEBUG|[Z축추적] t=7300ms 현재=1491 목표=0 차이=1491
2026-07-06 16:34:11|DEBUG|[Z축추적] t=7400ms 현재=1491 목표=0 차이=1491
2026-07-06 16:34:11|DEBUG|[Z축추적] t=7500ms 현재=1492 목표=0 차이=1492
2026-07-06 16:34:12|DEBUG|[Z축추적] t=7600ms 현재=1492 목표=0 차이=1492
2026-07-06 16:34:12|DEBUG|[Z축추적] t=7700ms 현재=1493 목표=0 차이=1493
2026-07-06 16:34:12|DEBUG|[Z축추적] t=7800ms 현재=1493 목표=0 차이=1493
2026-07-06 16:34:12|DEBUG|[Z축추적] t=7900ms 현재=1493 목표=0 차이=1493
2026-07-06 16:34:12|DEBUG|[Z축추적] t=8000ms 현재=1494 목표=0 차이=1494
2026-07-06 16:34:12|DEBUG|[Z축추적] t=8100ms 현재=1494 목표=0 차이=1494
2026-07-06 16:34:12|DEBUG|[Z축추적] t=8200ms 현재=1494 목표=0 차이=1494
2026-07-06 16:34:12|DEBUG|[Z축추적] t=8300ms 현재=1494 목표=0 차이=1494
2026-07-06 16:34:12|DEBUG|[Z축추적] t=8400ms 현재=1494 목표=0 차이=1494
2026-07-06 16:34:13|DEBUG|[Z축추적] t=8500ms 현재=1494 목표=0 차이=1494
2026-07-06 16:34:13|DEBUG|[Z축추적] t=8600ms 현재=1495 목표=0 차이=1495
2026-07-06 16:34:13|DEBUG|[Z축추적] t=8700ms 현재=1495 목표=0 차이=1495
2026-07-06 16:34:13|DEBUG|[Z축추적] t=8800ms 현재=1495 목표=0 차이=1495
2026-07-06 16:34:13|DEBUG|[Z축추적] t=8900ms 현재=1496 목표=0 차이=1496
2026-07-06 16:34:13|DEBUG|[Z축추적] t=9000ms 현재=1496 목표=0 차이=1496
2026-07-06 16:34:13|DEBUG|[Z축추적] t=9100ms 현재=1496 목표=0 차이=1496
2026-07-06 16:34:13|DEBUG|[Z축추적] t=9200ms 현재=1496 목표=0 차이=1496
2026-07-06 16:34:13|DEBUG|[Z축추적] t=9300ms 현재=1496 목표=0 차이=1496
2026-07-06 16:34:14|DEBUG|[Z축추적] t=9400ms 현재=1497 목표=0 차이=1497
2026-07-06 16:34:14|DEBUG|[Z축추적] t=9500ms 현재=1497 목표=0 차이=1497
2026-07-06 16:34:14|DEBUG|[Z축추적] t=9600ms 현재=1497 목표=0 차이=1497
2026-07-06 16:34:14|DEBUG|[Z축추적] t=9700ms 현재=1498 목표=0 차이=1498
2026-07-06 16:34:14|DEBUG|[Z축추적] t=9800ms 현재=1498 목표=0 차이=1498
2026-07-06 16:34:14|DEBUG|[Z축추적] t=9900ms 현재=1498 목표=0 차이=1498
2026-07-06 16:34:14|DEBUG|[Z축추적] t=10000ms 현재=1499 목표=0 차이=1499
2026-07-06 16:34:14|DEBUG|[Z축추적] t=10100ms 현재=1499 목표=0 차이=1499
2026-07-06 16:34:14|DEBUG|[Z축추적] t=10200ms 현재=1499 목표=0 차이=1499
2026-07-06 16:34:15|DEBUG|[Z축추적] t=10300ms 현재=1499 목표=0 차이=1499
2026-07-06 16:34:15|DEBUG|[Z축추적] t=10400ms 현재=1499 목표=0 차이=1499
2026-07-06 16:34:15|DEBUG|[Z축추적] t=10500ms 현재=1500 목표=0 차이=1500
2026-07-06 16:34:15|DEBUG|[Z축추적] t=10600ms 현재=1500 목표=0 차이=1500
2026-07-06 16:34:15|DEBUG|[Z축추적] t=10700ms 현재=1500 목표=0 차이=1500
2026-07-06 16:34:15|DEBUG|[Z축추적] t=10800ms 현재=1500 목표=0 차이=1500
2026-07-06 16:34:15|DEBUG|[Z축추적] t=10900ms 현재=1500 목표=0 차이=1500
2026-07-06 16:34:15|DEBUG|[Z축추적] t=11000ms 현재=1500 목표=0 차이=1500
2026-07-06 16:34:15|DEBUG|[Z축추적] t=11100ms 현재=1500 목표=0 차이=1500
2026-07-06 16:34:16|DEBUG|[Z축추적] t=11200ms 현재=1500 목표=0 차이=1500
2026-07-06 16:34:16|DEBUG|[Z축추적] t=11300ms 현재=1501 목표=0 차이=1501
2026-07-06 16:34:16|DEBUG|[Z축추적] t=11400ms 현재=1501 목표=0 차이=1501
2026-07-06 16:34:16|DEBUG|[Z축추적] t=11500ms 현재=1501 목표=0 차이=1501
2026-07-06 16:34:16|DEBUG|[Z축추적] t=11600ms 현재=1501 목표=0 차이=1501
2026-07-06 16:34:16|DEBUG|[Z축추적] t=11700ms 현재=1501 목표=0 차이=1501
2026-07-06 16:34:16|DEBUG|[Z축추적] t=11800ms 현재=1501 목표=0 차이=1501
2026-07-06 16:34:16|DEBUG|[Z축추적] t=11900ms 현재=1502 목표=0 차이=1502
2026-07-06 16:34:16|DEBUG|[Z축추적] t=12000ms 현재=1502 목표=0 차이=1502
2026-07-06 16:34:17|DEBUG|[Z축추적] t=12100ms 현재=1502 목표=0 차이=1502
2026-07-06 16:34:17|DEBUG|[Z축추적] t=12200ms 현재=1502 목표=0 차이=1502
2026-07-06 16:34:17|DEBUG|[Z축추적] t=12300ms 현재=1502 목표=0 차이=1502
2026-07-06 16:34:17|DEBUG|[Z축추적] t=12400ms 현재=1503 목표=0 차이=1503
2026-07-06 16:34:17|DEBUG|[Z축추적] t=12500ms 현재=1503 목표=0 차이=1503
2026-07-06 16:34:17|DEBUG|[Z축추적] t=12600ms 현재=1503 목표=0 차이=1503
2026-07-06 16:34:17|DEBUG|[Z축추적] t=12700ms 현재=1503 목표=0 차이=1503
2026-07-06 16:34:17|DEBUG|[Z축추적] t=12800ms 현재=1503 목표=0 차이=1503
2026-07-06 16:34:18|DEBUG|[Z축추적] t=12900ms 현재=1503 목표=0 차이=1503
2026-07-06 16:34:18|DEBUG|[Z축추적] t=13000ms 현재=1503 목표=0 차이=1503
2026-07-06 16:34:18|DEBUG|[Z축추적] t=13100ms 현재=1503 목표=0 차이=1503
2026-07-06 16:34:18|DEBUG|[Z축추적] t=13200ms 현재=1503 목표=0 차이=1503
2026-07-06 16:34:18|DEBUG|[Z축추적] t=13300ms 현재=1504 목표=0 차이=1504
2026-07-06 16:34:18|DEBUG|[Z축추적] t=13400ms 현재=1504 목표=0 차이=1504
2026-07-06 16:34:18|DEBUG|[Z축추적] t=13500ms 현재=1504 목표=0 차이=1504
2026-07-06 16:34:18|DEBUG|[Z축추적] t=13600ms 현재=1504 목표=0 차이=1504
2026-07-06 16:34:18|DEBUG|[Z축추적] t=13700ms 현재=1504 목표=0 차이=1504
2026-07-06 16:34:18|DEBUG|[Z축추적] t=13800ms 현재=1504 목표=0 차이=1504
2026-07-06 16:34:19|DEBUG|[Z축추적] t=13900ms 현재=1504 목표=0 차이=1504
2026-07-06 16:34:19|DEBUG|[Z축추적] t=14000ms 현재=1504 목표=0 차이=1504
2026-07-06 16:34:19|DEBUG|[Z축추적] t=14100ms 현재=1504 목표=0 차이=1504
2026-07-06 16:34:19|DEBUG|[Z축추적] t=14200ms 현재=1504 목표=0 차이=1504
2026-07-06 16:34:19|DEBUG|[Z축추적] t=14300ms 현재=1504 목표=0 차이=1504
2026-07-06 16:34:19|DEBUG|[Z축추적] t=14400ms 현재=1505 목표=0 차이=1505
2026-07-06 16:34:19|DEBUG|[Z축추적] t=14500ms 현재=1505 목표=0 차이=1505
2026-07-06 16:34:19|DEBUG|[Z축추적] t=14600ms 현재=1505 목표=0 차이=1505
2026-07-06 16:34:20|DEBUG|[Z축추적] t=14700ms 현재=1505 목표=0 차이=1505
2026-07-06 16:34:20|DEBUG|[Z축추적] t=14800ms 현재=1505 목표=0 차이=1505
2026-07-06 16:34:20|DEBUG|[Z축추적] t=14900ms 현재=1505 목표=0 차이=1505
2026-07-06 16:34:20|DEBUG|[Z축추적] t=15000ms 현재=1505 목표=0 차이=1505
2026-07-06 16:34:20|DEBUG|[Z축추적] t=15100ms 현재=1505 목표=0 차이=1505
2026-07-06 16:34:20|DEBUG|[Z축추적] t=15200ms 현재=1505 목표=0 차이=1505
2026-07-06 16:34:20|DEBUG|[Z축추적] t=15300ms 현재=1505 목표=0 차이=1505
2026-07-06 16:34:20|DEBUG|[Z축추적] t=15400ms 현재=1505 목표=0 차이=1505
2026-07-06 16:34:20|DEBUG|[Z축추적] t=15500ms 현재=1506 목표=0 차이=1506
2026-07-06 16:34:21|DEBUG|[Z축추적] t=15600ms 현재=1506 목표=0 차이=1506
2026-07-06 16:34:21|DEBUG|[Z축추적] t=15700ms 현재=1506 목표=0 차이=1506
2026-07-06 16:34:21|DEBUG|[Z축추적] t=15800ms 현재=1506 목표=0 차이=1506
2026-07-06 16:34:21|DEBUG|[Z축추적] t=15900ms 현재=1506 목표=0 차이=1506
2026-07-06 16:34:21|DEBUG|[Z축추적] t=16000ms 현재=1506 목표=0 차이=1506
2026-07-06 16:34:21|DEBUG|[Z축추적] t=16100ms 현재=1506 목표=0 차이=1506
2026-07-06 16:34:21|DEBUG|[Z축추적] t=16200ms 현재=1506 목표=0 차이=1506
2026-07-06 16:34:21|DEBUG|[Z축추적] t=16300ms 현재=1506 목표=0 차이=1506
2026-07-06 16:34:21|DEBUG|[Z축추적] t=16400ms 현재=1506 목표=0 차이=1506
2026-07-06 16:34:22|DEBUG|[Z축추적] t=16500ms 현재=1506 목표=0 차이=1506
2026-07-06 16:34:22|DEBUG|[Z축추적] t=16600ms 현재=1506 목표=0 차이=1506
2026-07-06 16:34:22|DEBUG|[Z축추적] t=16700ms 현재=1506 목표=0 차이=1506
2026-07-06 16:34:22|DEBUG|[Z축추적] t=16800ms 현재=1506 목표=0 차이=1506
2026-07-06 16:34:22|DEBUG|[Z축추적] t=16900ms 현재=1506 목표=0 차이=1506
2026-07-06 16:34:22|DEBUG|[Z축추적] t=17000ms 현재=1506 목표=0 차이=1506
2026-07-06 16:34:22|DEBUG|[Z축추적] t=17100ms 현재=1506 목표=0 차이=1506
2026-07-06 16:34:22|DEBUG|[Z축추적] t=17200ms 현재=1507 목표=0 차이=1507
2026-07-06 16:34:22|DEBUG|[Z축추적] t=17300ms 현재=1507 목표=0 차이=1507
2026-07-06 16:34:22|DEBUG|[Z축추적] t=17400ms 현재=1507 목표=0 차이=1507
2026-07-06 16:34:23|DEBUG|[Z축추적] t=17500ms 현재=1507 목표=0 차이=1507
2026-07-06 16:34:23|DEBUG|[Z축추적] t=17600ms 현재=1507 목표=0 차이=1507
2026-07-06 16:34:23|DEBUG|[Z축추적] t=17700ms 현재=1507 목표=0 차이=1507
2026-07-06 16:34:23|DEBUG|[Z축추적] t=17800ms 현재=1507 목표=0 차이=1507
2026-07-06 16:34:23|DEBUG|[Z축추적] t=17900ms 현재=1507 목표=0 차이=1507
2026-07-06 16:34:23|DEBUG|[Z축추적] t=18000ms 현재=1507 목표=0 차이=1507
2026-07-06 16:34:23|DEBUG|[Z축추적] t=18100ms 현재=1507 목표=0 차이=1507
2026-07-06 16:34:23|DEBUG|[Z축추적] t=18200ms 현재=1507 목표=0 차이=1507
2026-07-06 16:34:24|DEBUG|[Z축추적] t=18300ms 현재=1507 목표=0 차이=1507
2026-07-06 16:34:24|DEBUG|[Z축추적] t=18400ms 현재=1507 목표=0 차이=1507
2026-07-06 16:34:24|DEBUG|[Z축추적] t=18500ms 현재=1507 목표=0 차이=1507
2026-07-06 16:34:24|DEBUG|[Z축추적] t=18600ms 현재=1507 목표=0 차이=1507
2026-07-06 16:34:24|DEBUG|[Z축추적] t=18700ms 현재=1507 목표=0 차이=1507
2026-07-06 16:34:24|DEBUG|[Z축추적] t=18800ms 현재=1507 목표=0 차이=1507
2026-07-06 16:34:24|DEBUG|[Z축추적] t=18900ms 현재=1507 목표=0 차이=1507
2026-07-06 16:34:24|DEBUG|[Z축추적] t=19000ms 현재=1507 목표=0 차이=1507
2026-07-06 16:34:24|DEBUG|[Z축추적] t=19100ms 현재=1508 목표=0 차이=1508
2026-07-06 16:34:25|DEBUG|[Z축추적] t=19200ms 현재=1508 목표=0 차이=1508
2026-07-06 16:34:25|DEBUG|[Z축추적] t=19300ms 현재=1508 목표=0 차이=1508
2026-07-06 16:34:25|DEBUG|[Z축추적] t=19400ms 현재=1508 목표=0 차이=1508
2026-07-06 16:34:25|DEBUG|[Z축추적] t=19500ms 현재=1508 목표=0 차이=1508
2026-07-06 16:34:25|DEBUG|[Z축추적] t=19600ms 현재=1508 목표=0 차이=1508
2026-07-06 16:34:25|DEBUG|[Z축추적] t=19700ms 현재=1508 목표=0 차이=1508
2026-07-06 16:34:25|DEBUG|[Z축추적] t=19800ms 현재=1508 목표=0 차이=1508
2026-07-06 16:34:25|DEBUG|[Z축추적] t=19900ms 현재=1508 목표=0 차이=1508
2026-07-06 16:34:25|DEBUG|[Z축추적] t=20000ms 현재=1508 목표=0 차이=1508
2026-07-06 16:34:26|DEBUG|[Z축추적] t=20100ms 현재=1508 목표=0 차이=1508
2026-07-06 16:34:26|DEBUG|[Z축추적] t=20200ms 현재=1508 목표=0 차이=1508
2026-07-06 16:34:26|DEBUG|[Z축추적] t=20300ms 현재=1508 목표=0 차이=1508
2026-07-06 16:34:26|DEBUG|[Z축추적] t=20400ms 현재=1508 목표=0 차이=1508
2026-07-06 16:34:26|DEBUG|[Z축추적] t=20500ms 현재=1508 목표=0 차이=1508
2026-07-06 16:34:26|DEBUG|[Z축추적] t=20600ms 현재=1508 목표=0 차이=1508
2026-07-06 16:34:26|DEBUG|[Z축추적] t=20700ms 현재=1508 목표=0 차이=1508
2026-07-06 16:34:26|DEBUG|[Z축추적] t=20800ms 현재=1508 목표=0 차이=1508
2026-07-06 16:34:26|DEBUG|[Z축추적] t=20900ms 현재=1508 목표=0 차이=1508
2026-07-06 16:34:27|DEBUG|[Z축추적] t=21000ms 현재=1508 목표=0 차이=1508
2026-07-06 16:34:27|DEBUG|[Z축추적] t=21100ms 현재=1508 목표=0 차이=1508
2026-07-06 16:34:27|DEBUG|[Z축추적] t=21200ms 현재=1508 목표=0 차이=1508
2026-07-06 16:34:27|DEBUG|[Z축추적] t=21300ms 현재=1508 목표=0 차이=1508
2026-07-06 16:34:27|DEBUG|[Z축추적] t=21400ms 현재=1508 목표=0 차이=1508
2026-07-06 16:34:27|DEBUG|[Z축추적] t=21500ms 현재=1508 목표=0 차이=1508
2026-07-06 16:34:27|DEBUG|[Z축추적] t=21600ms 현재=1508 목표=0 차이=1508
2026-07-06 16:34:27|DEBUG|[Z축추적] t=21700ms 현재=1508 목표=0 차이=1508
2026-07-06 16:34:27|DEBUG|[Z축추적] t=21800ms 현재=1508 목표=0 차이=1508
2026-07-06 16:34:28|DEBUG|[Z축추적] t=21900ms 현재=1508 목표=0 차이=1508
2026-07-06 16:34:28|DEBUG|[Z축추적] t=22000ms 현재=1508 목표=0 차이=1508
2026-07-06 16:34:28|DEBUG|[Z축추적] t=22100ms 현재=1508 목표=0 차이=1508
2026-07-06 16:34:28|DEBUG|[Z축추적] t=22200ms 현재=1508 목표=0 차이=1508
2026-07-06 16:34:28|DEBUG|[Z축추적] t=22300ms 현재=1508 목표=0 차이=1508
2026-07-06 16:34:28|DEBUG|[Z축추적] t=22400ms 현재=1508 목표=0 차이=1508
2026-07-06 16:34:28|DEBUG|[Z축추적] t=22500ms 현재=1508 목표=0 차이=1508
2026-07-06 16:34:28|DEBUG|[Z축추적] t=22600ms 현재=1508 목표=0 차이=1508
2026-07-06 16:34:28|DEBUG|[Z축추적] t=22700ms 현재=1508 목표=0 차이=1508
2026-07-06 16:34:29|DEBUG|[Z축추적] t=22800ms 현재=1508 목표=0 차이=1508
2026-07-06 16:34:29|DEBUG|[Z축추적] t=22900ms 현재=1508 목표=0 차이=1508
2026-07-06 16:34:29|DEBUG|[Z축추적] t=23000ms 현재=1508 목표=0 차이=1508
2026-07-06 16:34:29|DEBUG|[Z축추적] t=23100ms 현재=1508 목표=0 차이=1508
2026-07-06 16:34:29|DEBUG|[Z축추적] t=23200ms 현재=1508 목표=0 차이=1508
2026-07-06 16:34:29|DEBUG|[Z축추적] t=23300ms 현재=1509 목표=0 차이=1509
2026-07-06 16:34:29|DEBUG|[Z축추적] t=23400ms 현재=1509 목표=0 차이=1509
2026-07-06 16:34:29|DEBUG|[Z축추적] t=23500ms 현재=1509 목표=0 차이=1509
2026-07-06 16:34:30|DEBUG|[Z축추적] t=23600ms 현재=1509 목표=0 차이=1509
2026-07-06 16:34:30|DEBUG|[Z축추적] t=23700ms 현재=1509 목표=0 차이=1509
2026-07-06 16:34:30|DEBUG|[Z축추적] t=23800ms 현재=1509 목표=0 차이=1509
2026-07-06 16:34:30|DEBUG|[Z축추적] t=23900ms 현재=1509 목표=0 차이=1509
2026-07-06 16:34:30|DEBUG|[Z축추적] t=24000ms 현재=1509 목표=0 차이=1509
2026-07-06 16:34:30|DEBUG|[Z축추적] t=24100ms 현재=1509 목표=0 차이=1509
2026-07-06 16:34:30|DEBUG|[Z축추적] t=24200ms 현재=1509 목표=0 차이=1509
2026-07-06 16:34:30|DEBUG|[Z축추적] t=24300ms 현재=1509 목표=0 차이=1509
2026-07-06 16:34:30|DEBUG|[Z축추적] t=24400ms 현재=1509 목표=0 차이=1509
2026-07-06 16:34:31|DEBUG|[Z축추적] t=24500ms 현재=1509 목표=0 차이=1509
2026-07-06 16:34:31|DEBUG|[Z축추적] t=24600ms 현재=1509 목표=0 차이=1509
2026-07-06 16:34:31|DEBUG|[Z축추적] t=24700ms 현재=1509 목표=0 차이=1509
2026-07-06 16:34:31|DEBUG|[Z축추적] t=24800ms 현재=1509 목표=0 차이=1509
2026-07-06 16:34:31|DEBUG|[Z축추적] t=24900ms 현재=1509 목표=0 차이=1509
2026-07-06 16:34:31|DEBUG|[Z축추적] t=25000ms 현재=1509 목표=0 차이=1509
2026-07-06 16:34:31|DEBUG|[Z축추적] t=25100ms 현재=1509 목표=0 차이=1509
2026-07-06 16:34:31|DEBUG|[Z축추적] t=25200ms 현재=1509 목표=0 차이=1509
2026-07-06 16:34:31|DEBUG|[Z축추적] t=25300ms 현재=1509 목표=0 차이=1509
2026-07-06 16:34:32|DEBUG|[Z축추적] t=25400ms 현재=1509 목표=0 차이=1509
2026-07-06 16:34:32|DEBUG|[Z축추적] t=25500ms 현재=1509 목표=0 차이=1509
2026-07-06 16:34:32|DEBUG|[Z축추적] t=25600ms 현재=1509 목표=0 차이=1509
2026-07-06 16:34:32|DEBUG|[Z축추적] t=25700ms 현재=1509 목표=0 차이=1509
2026-07-06 16:34:32|DEBUG|[Z축추적] t=25800ms 현재=1509 목표=0 차이=1509
2026-07-06 16:34:32|DEBUG|[Z축추적] t=25900ms 현재=1509 목표=0 차이=1509
2026-07-06 16:34:32|DEBUG|[Z축추적] t=26000ms 현재=1509 목표=0 차이=1509
2026-07-06 16:34:32|DEBUG|[Z축추적] t=26100ms 현재=1509 목표=0 차이=1509
2026-07-06 16:34:32|DEBUG|[Z축추적] t=26200ms 현재=1509 목표=0 차이=1509
2026-07-06 16:34:33|DEBUG|[Z축추적] t=26300ms 현재=1509 목표=0 차이=1509
2026-07-06 16:34:33|DEBUG|[Z축추적] t=26400ms 현재=1509 목표=0 차이=1509
2026-07-06 16:34:33|DEBUG|[Z축추적] t=26500ms 현재=1509 목표=0 차이=1509
2026-07-06 16:34:33|DEBUG|[Z축추적] t=26600ms 현재=1509 목표=0 차이=1509
2026-07-06 16:34:33|DEBUG|[Z축추적] t=26700ms 현재=1509 목표=0 차이=1509
2026-07-06 16:34:33|DEBUG|[Z축추적] t=26800ms 현재=1509 목표=0 차이=1509
2026-07-06 16:34:33|DEBUG|[Z축추적] t=26900ms 현재=1509 목표=0 차이=1509
2026-07-06 16:34:33|DEBUG|[Z축추적] t=27000ms 현재=1509 목표=0 차이=1509
2026-07-06 16:34:33|DEBUG|[Z축추적] t=27100ms 현재=1509 목표=0 차이=1509
2026-07-06 16:34:34|DEBUG|[Z축추적] t=27200ms 현재=1509 목표=0 차이=1509
2026-07-06 16:34:34|DEBUG|[Z축추적] t=27300ms 현재=1509 목표=0 차이=1509
2026-07-06 16:34:34|DEBUG|[Z축추적] t=27400ms 현재=1509 목표=0 차이=1509
2026-07-06 16:34:34|DEBUG|[Z축추적] t=27500ms 현재=1509 목표=0 차이=1509
2026-07-06 16:34:34|DEBUG|[Z축추적] t=27600ms 현재=1509 목표=0 차이=1509
2026-07-06 16:34:34|DEBUG|[Z축추적] t=27700ms 현재=1509 목표=0 차이=1509
2026-07-06 16:34:34|DEBUG|[Z축추적] t=27800ms 현재=1509 목표=0 차이=1509
2026-07-06 16:34:34|DEBUG|[Z축추적] t=27900ms 현재=1509 목표=0 차이=1509
2026-07-06 16:34:34|DEBUG|[Z축추적] t=28000ms 현재=1509 목표=0 차이=1509
2026-07-06 16:34:35|DEBUG|[Z축추적] t=28100ms 현재=1509 목표=0 차이=1509
2026-07-06 16:34:35|DEBUG|[Z축추적] t=28200ms 현재=1509 목표=0 차이=1509
2026-07-06 16:34:35|DEBUG|[Z축추적] t=28300ms 현재=1509 목표=0 차이=1509
2026-07-06 16:34:35|DEBUG|[Z축추적] t=28400ms 현재=1509 목표=0 차이=1509
2026-07-06 16:34:35|DEBUG|[Z축추적] t=28500ms 현재=1509 목표=0 차이=1509
2026-07-06 16:34:35|DEBUG|[Z축추적] t=28600ms 현재=1509 목표=0 차이=1509
2026-07-06 16:34:35|DEBUG|[Z축추적] t=28700ms 현재=1509 목표=0 차이=1509
2026-07-06 16:34:35|DEBUG|[Z축추적] t=28800ms 현재=1509 목표=0 차이=1509
2026-07-06 16:34:35|DEBUG|[Z축추적] t=28900ms 현재=1509 목표=0 차이=1509
2026-07-06 16:34:36|DEBUG|[Z축추적] t=29000ms 현재=1509 목표=0 차이=1509
2026-07-06 16:34:36|DEBUG|[Z축추적] t=29100ms 현재=1509 목표=0 차이=1509
2026-07-06 16:34:36|DEBUG|[Z축추적] t=29200ms 현재=1509 목표=0 차이=1509
2026-07-06 16:34:36|DEBUG|[Z축추적] t=29300ms 현재=1509 목표=0 차이=1509
2026-07-06 16:34:36|DEBUG|[Z축추적] t=29400ms 현재=1509 목표=0 차이=1509
2026-07-06 16:34:36|DEBUG|[Z축추적] t=29500ms 현재=1509 목표=0 차이=1509
2026-07-06 16:34:36|DEBUG|[Z축추적] t=29600ms 현재=1509 목표=0 차이=1509
2026-07-06 16:34:36|DEBUG|[Z축추적] t=29700ms 현재=1509 목표=0 차이=1509
2026-07-06 16:34:36|DEBUG|[Z축추적] t=29800ms 현재=1509 목표=0 차이=1509
2026-07-06 16:34:37|DEBUG|[Z축추적] t=29900ms 현재=1509 목표=0 차이=1509
2026-07-06 16:34:37|DEBUG|[Z축추적] t=30000ms 현재=1509 목표=0 차이=1509
2026-07-06 16:34:37|DEBUG|[Z축추적] t=30100ms 현재=1509 목표=0 차이=1509
2026-07-06 16:34:37|DEBUG|[Z축추적] t=30200ms 현재=1509 목표=0 차이=1509
2026-07-06 16:34:37|DEBUG|[Z축추적] t=30300ms 현재=1509 목표=0 차이=1509
2026-07-06 16:34:37|DEBUG|[Z축추적] t=30400ms 현재=1509 목표=0 차이=1509
2026-07-06 16:34:37|DEBUG|[Z축추적] t=30500ms 현재=1509 목표=0 차이=1509
2026-07-06 16:34:37|DEBUG|[Z축추적] t=30600ms 현재=1509 목표=0 차이=1509
2026-07-06 16:34:37|DEBUG|[Z축추적] t=30700ms 현재=1509 목표=0 차이=1509
2026-07-06 16:34:38|DEBUG|[Z축추적] t=30800ms 현재=1509 목표=0 차이=1509
2026-07-06 16:34:38|DEBUG|[Z축추적] t=30900ms 현재=1509 목표=0 차이=1509
2026-07-06 16:34:38|DEBUG|[Z축추적] t=31000ms 현재=1509 목표=0 차이=1509
2026-07-06 16:34:38|DEBUG|[Z축추적] t=31100ms 현재=1509 목표=0 차이=1509
2026-07-06 16:34:38|DEBUG|[Z축추적] t=31200ms 현재=1509 목표=0 차이=1509
2026-07-06 16:34:38|DEBUG|[Z축추적] t=31300ms 현재=1509 목표=0 차이=1509
2026-07-06 16:34:38|DEBUG|[Z축추적] t=31400ms 현재=1509 목표=0 차이=1509
2026-07-06 16:34:38|DEBUG|[Z축추적] t=31500ms 현재=1509 목표=0 차이=1509
2026-07-06 16:34:38|DEBUG|[Z축추적] t=31600ms 현재=1509 목표=0 차이=1509
2026-07-06 16:34:39|DEBUG|[Z축추적] t=31700ms 현재=1509 목표=0 차이=1509
2026-07-06 16:34:39|DEBUG|[Z축추적] t=31800ms 현재=1509 목표=0 차이=1509
2026-07-06 16:34:39|DEBUG|[Z축추적] t=31900ms 현재=1509 목표=0 차이=1509
2026-07-06 16:34:39|DEBUG|[Z축추적] t=32000ms 현재=1509 목표=0 차이=1509
2026-07-06 16:34:39|DEBUG|[Z축추적] t=32100ms 현재=1509 목표=0 차이=1509
2026-07-06 16:34:39|DEBUG|[Z축추적] t=32200ms 현재=1509 목표=0 차이=1509
2026-07-06 16:34:39|DEBUG|[Z축추적] t=32300ms 현재=1509 목표=0 차이=1509
2026-07-06 16:34:39|DEBUG|[Z축추적] t=32400ms 현재=1509 목표=0 차이=1509
2026-07-06 16:34:39|DEBUG|[Z축추적] t=32500ms 현재=1509 목표=0 차이=1509
2026-07-06 16:34:40|DEBUG|[Z축추적] t=32600ms 현재=1509 목표=0 차이=1509
2026-07-06 16:34:40|DEBUG|[Z축추적] t=32700ms 현재=1509 목표=0 차이=1509
2026-07-06 16:34:40|DEBUG|[Z축추적] t=32800ms 현재=1509 목표=0 차이=1509
2026-07-06 16:34:40|DEBUG|[Z축추적] t=32900ms 현재=1509 목표=0 차이=1509
2026-07-06 16:34:40|DEBUG|[Z축추적] t=33000ms 현재=1509 목표=0 차이=1509
2026-07-06 16:34:40|DEBUG|[Z축추적] t=33100ms 현재=1509 목표=0 차이=1509
2026-07-06 16:34:40|DEBUG|[Z축추적] t=33200ms 현재=1509 목표=0 차이=1509
2026-07-06 16:34:40|DEBUG|[Z축추적] t=33300ms 현재=1509 목표=0 차이=1509
2026-07-06 16:34:40|DEBUG|[Z축추적] t=33400ms 현재=1509 목표=0 차이=1509
2026-07-06 16:34:41|DEBUG|[Z축추적] t=33500ms 현재=1509 목표=0 차이=1509
2026-07-06 16:34:41|DEBUG|[Z축추적] t=33600ms 현재=1509 목표=0 차이=1509
2026-07-06 16:34:41|DEBUG|[Z축추적] t=33700ms 현재=1509 목표=0 차이=1509
2026-07-06 16:34:41|DEBUG|[Z축추적] t=33800ms 현재=1509 목표=0 차이=1509
2026-07-06 16:34:41|DEBUG|[Z축추적] t=33900ms 현재=1509 목표=0 차이=1509
2026-07-06 16:34:41|DEBUG|[Z축추적] t=34000ms 현재=1509 목표=0 차이=1509
2026-07-06 16:34:41|DEBUG|[Z축추적] t=34100ms 현재=1509 목표=0 차이=1509
2026-07-06 16:34:41|DEBUG|[Z축추적] t=34200ms 현재=1509 목표=0 차이=1509
2026-07-06 16:34:41|DEBUG|[Z축추적] t=34300ms 현재=1509 목표=0 차이=1509
2026-07-06 16:34:42|DEBUG|[Z축추적] t=34400ms 현재=1509 목표=0 차이=1509
2026-07-06 16:34:42|DEBUG|[Z축추적] t=34500ms 현재=1509 목표=0 차이=1509
2026-07-06 16:34:42|DEBUG|[Z축추적] t=34600ms 현재=1509 목표=0 차이=1509
2026-07-06 16:34:42|DEBUG|[Z축추적] t=34700ms 현재=1509 목표=0 차이=1509
2026-07-06 16:34:42|DEBUG|[Z축추적] t=34800ms 현재=1509 목표=0 차이=1509
2026-07-06 16:34:42|DEBUG|[Z축추적] t=34900ms 현재=1509 목표=0 차이=1509
2026-07-06 16:34:42|DEBUG|[Z축추적] t=35000ms 현재=1509 목표=0 차이=1509
2026-07-06 16:34:42|DEBUG|[Z축추적] t=35100ms 현재=1509 목표=0 차이=1509
2026-07-06 16:34:43|DEBUG|[Z축추적] t=35200ms 현재=1509 목표=0 차이=1509
2026-07-06 16:34:43|DEBUG|[Z축추적] t=35300ms 현재=1509 목표=0 차이=1509
2026-07-06 16:34:43|DEBUG|[Z축추적] t=35400ms 현재=1509 목표=0 차이=1509
2026-07-06 16:34:43|DEBUG|[Z축추적] t=35500ms 현재=1509 목표=0 차이=1509
2026-07-06 16:34:43|DEBUG|[Z축추적] t=35600ms 현재=1509 목표=0 차이=1509
2026-07-06 16:34:43|DEBUG|[Z축추적] t=35700ms 현재=1509 목표=0 차이=1509
2026-07-06 16:34:43|DEBUG|[Z축추적] t=35800ms 현재=1509 목표=0 차이=1509
2026-07-06 16:34:43|DEBUG|[Z축추적] t=35900ms 현재=1509 목표=0 차이=1509
2026-07-06 16:34:43|DEBUG|[Z축추적] t=36000ms 현재=1509 목표=0 차이=1509
2026-07-06 16:34:43|DEBUG|[Z축추적] t=36100ms 현재=1509 목표=0 차이=1509
2026-07-06 16:34:44|DEBUG|[Z축추적] t=36200ms 현재=1509 목표=0 차이=1509
2026-07-06 16:34:44|DEBUG|[Z축추적] t=36300ms 현재=1509 목표=0 차이=1509
2026-07-06 16:34:44|DEBUG|[Z축추적] t=36400ms 현재=1509 목표=0 차이=1509
2026-07-06 16:34:44|DEBUG|[Z축추적] t=36500ms 현재=1509 목표=0 차이=1509
2026-07-06 16:34:44|DEBUG|[Z축추적] t=36600ms 현재=1509 목표=0 차이=1509
2026-07-06 16:34:44|DEBUG|[Z축추적] t=36700ms 현재=1509 목표=0 차이=1509
2026-07-06 16:34:44|DEBUG|[Z축추적] t=36800ms 현재=1509 목표=0 차이=1509
2026-07-06 16:34:44|DEBUG|[Z축추적] t=36900ms 현재=1509 목표=0 차이=1509
2026-07-06 16:34:44|DEBUG|[Z축추적] t=37000ms 현재=1509 목표=0 차이=1509
2026-07-06 16:34:45|DEBUG|[Z축추적] t=37100ms 현재=1509 목표=0 차이=1509
2026-07-06 16:34:45|DEBUG|[Z축추적] t=37200ms 현재=1509 목표=0 차이=1509
2026-07-06 16:34:45|DEBUG|[Z축추적] t=37300ms 현재=1509 목표=0 차이=1509
2026-07-06 16:34:45|DEBUG|[Z축추적] t=37400ms 현재=1509 목표=0 차이=1509
2026-07-06 16:34:45|DEBUG|[Z축추적] t=37500ms 현재=1509 목표=0 차이=1509
2026-07-06 16:34:45|DEBUG|[Z축추적] t=37600ms 현재=1509 목표=0 차이=1509
2026-07-06 16:34:45|DEBUG|[Z축추적] t=37700ms 현재=1509 목표=0 차이=1509
2026-07-06 16:34:45|DEBUG|[Z축추적] t=37800ms 현재=1509 목표=0 차이=1509
2026-07-06 16:34:45|DEBUG|[Z축추적] t=37900ms 현재=1509 목표=0 차이=1509
2026-07-06 16:34:46|DEBUG|[Z축추적] t=38000ms 현재=1509 목표=0 차이=1509
2026-07-06 16:34:46|DEBUG|[Z축추적] t=38100ms 현재=1509 목표=0 차이=1509
2026-07-06 16:34:46|DEBUG|[Z축추적] t=38200ms 현재=1509 목표=0 차이=1509
2026-07-06 16:34:46|DEBUG|[Z축추적] t=38300ms 현재=1509 목표=0 차이=1509
2026-07-06 16:34:46|DEBUG|[Z축추적] t=38400ms 현재=1509 목표=0 차이=1509
2026-07-06 16:34:46|DEBUG|[Z축추적] t=38500ms 현재=1509 목표=0 차이=1509
2026-07-06 16:34:46|DEBUG|[Z축추적] t=38600ms 현재=1509 목표=0 차이=1509
2026-07-06 16:34:46|DEBUG|[Z축추적] t=38700ms 현재=1509 목표=0 차이=1509
2026-07-06 16:34:46|DEBUG|[Z축추적] t=38800ms 현재=1509 목표=0 차이=1509
2026-07-06 16:34:47|DEBUG|[Z축추적] t=38900ms 현재=1509 목표=0 차이=1509
2026-07-06 16:34:47|DEBUG|[Z축추적] t=39000ms 현재=1509 목표=0 차이=1509
2026-07-06 16:34:47|DEBUG|[Z축추적] t=39100ms 현재=1509 목표=0 차이=1509
2026-07-06 16:34:47|DEBUG|[Z축추적] t=39200ms 현재=1509 목표=0 차이=1509
2026-07-06 16:34:47|DEBUG|[Z축추적] t=39300ms 현재=1509 목표=0 차이=1509
2026-07-06 16:34:47|DEBUG|[Z축추적] t=39400ms 현재=1509 목표=0 차이=1509
2026-07-06 16:34:47|DEBUG|[Z축추적] t=39500ms 현재=1509 목표=0 차이=1509
2026-07-06 16:34:47|DEBUG|[Z축추적] t=39600ms 현재=1509 목표=0 차이=1509
2026-07-06 16:34:48|DEBUG|[Z축추적] t=39700ms 현재=1509 목표=0 차이=1509
2026-07-06 16:34:48|DEBUG|[Z축추적] t=39800ms 현재=1509 목표=0 차이=1509
2026-07-06 16:34:48|DEBUG|[Z축추적] t=39900ms 현재=1509 목표=0 차이=1509
2026-07-06 16:34:48|ERROR|[ALARM:SYS-ERR] 로봇 원점 복귀 실패: Z축(Axis1) 이동 시간 초과!
목표위치: 0
현재위치: 1509
원시데이터: 1509
→ 모터가 전혀 안 움직였다면 파라미터(속도) 미적용 또는 서보ON 실패입니다.
2026-07-06 16:34:48|INFO|상태 변경: ALARM
